<?xml version="1.0" encoding="UTF-8"?>
<!DOCTYPE html PUBLIC "-//W3C//DTD XHTML 1.0 Strict//EN" "http://www.w3.org/TR/xhtml1/DTD/xhtml1-strict.dtd">
<html xmlns="http://www.w3.org/1999/xhtml">
<head>
    <title>Api自动化测试</title>
    <meta name="generator" content="HTMLTestRunner 0.8.2.2"/>
    <meta http-equiv="Content-Type" content="text/html; charset=UTF-8"/>
    <link href="http://libs.baidu.com/bootstrap/3.0.3/css/bootstrap.min.css" rel="stylesheet">
    <script src="http://libs.baidu.com/jquery/2.0.0/jquery.min.js"></script>
    <script src="http://libs.baidu.com/bootstrap/3.0.3/js/bootstrap.min.js"></script>
    
<style type="text/css" media="screen">
body        { font-family: Microsoft YaHei,Tahoma,arial,helvetica,sans-serif;padding: 20px; font-size: 120%; }
table       { font-size: 100%; }
/* -- heading ---------------------------------------------------------------------- */
.heading {
    margin-top: 0ex;
    margin-bottom: 1ex;
}
.heading .description {
    margin-top: 4ex;
    margin-bottom: 6ex;
}
/* -- report ------------------------------------------------------------------------ */
#total_row  { font-weight: bold; }
.passCase   { color: #5cb85c; }
.failCase   { color: #d9534f; font-weight: bold; }
.errorCase  { color: #f0ad4e; font-weight: bold; }
.hiddenRow  { display: none; }
.testcase   { margin-left: 2em; }
</style>

</head>
<body >
<script language="javascript" type="text/javascript">
output_list = Array();
/*level 调整增加只显示通过用例的分类 --Findyou
0:Summary //all hiddenRow
1:Failed  //pt hiddenRow, ft none
2:Pass    //pt none, ft hiddenRow
3:All     //pt none, ft none
*/
function showCase(level) {
    trs = document.getElementsByTagName("tr");
    for (var i = 0; i < trs.length; i++) {
        tr = trs[i];
        id = tr.id;
        if (id.substr(0,2) == 'ft') {
            if (level == 2 || level == 0 ) {
                tr.className = 'hiddenRow';
            }
            else {
                tr.className = '';
            }
        }
        if (id.substr(0,2) == 'pt') {
            if (level < 2) {
                tr.className = 'hiddenRow';
            }
            else {
                tr.className = '';
            }
        }
    }
    //加入【详细】切换文字变化 --Findyou
    detail_class=document.getElementsByClassName('detail');
	//console.log(detail_class.length)
	if (level == 3) {
		for (var i = 0; i < detail_class.length; i++){
			detail_class[i].innerHTML="收起"
		}
	}
	else{
			for (var i = 0; i < detail_class.length; i++){
			detail_class[i].innerHTML="详细"
		}
	}
}
function showClassDetail(cid, count) {
    var id_list = Array(count);
    var toHide = 1;
    for (var i = 0; i < count; i++) {
        //ID修改 点 为 下划线 -Findyou
        tid0 = 't' + cid.substr(1) + '_' + (i+1);
        tid = 'f' + tid0;
        tr = document.getElementById(tid);
        if (!tr) {
            tid = 'p' + tid0;
            tr = document.getElementById(tid);
        }
        id_list[i] = tid;
        if (tr.className) {
            toHide = 0;
        }
    }
    for (var i = 0; i < count; i++) {
        tid = id_list[i];
        //修改点击无法收起的BUG，加入【详细】切换文字变化 --Findyou
        if (toHide) {
            document.getElementById(tid).className = 'hiddenRow';
            document.getElementById(cid).innerText = "详细"
        }
        else {
            document.getElementById(tid).className = '';
            document.getElementById(cid).innerText = "收起"
        }
    }
}
function html_escape(s) {
    s = s.replace(/&/g,'&amp;');
    s = s.replace(/</g,'&lt;');
    s = s.replace(/>/g,'&gt;');
    return s;
}
</script>
<div class='heading'>
<h1 style="font-family: Microsoft YaHei">Api自动化测试</h1>
<p class='attribute'><strong>测试人员 : </strong> 最菜同学</p>
<p class='attribute'><strong>开始时间 : </strong> 2019-08-27 22:05:27</p>
<p class='attribute'><strong>合计耗时 : </strong> 0:01:09.363599</p>
<p class='attribute'><strong>测试结果 : </strong> 共 30，通过 21，失败 1，错误 8，通过率= 70.00%</p>

<p class='description'></p>
</div>


<p id='show_detail_line'>
<a class="btn btn-primary" href='javascript:showCase(0)'>概要{ 70.00% }</a>
<a class="btn btn-danger" href='javascript:showCase(1)'>失败{ 1 }</a>
<a class="btn btn-success" href='javascript:showCase(2)'>通过{ 21 }</a>
<a class="btn btn-info" href='javascript:showCase(3)'>所有{ 30 }</a>
</p>
<table id='result_table' class="table table-condensed table-bordered table-hover">
<colgroup>
<col align='left' />
<col align='right' />
<col align='right' />
<col align='right' />
<col align='right' />
<col align='right' />
</colgroup>
<tr id='header_row' class="text-center success" style="font-weight: bold;font-size: 16px;">
    <td>用例集/测试用例</td>
    <td>总计</td>
    <td>通过</td>
    <td>失败</td>
    <td>错误</td>
    <td>详细</td>
</tr>

<tr class='errorClass warning'>
    <td>test_login.ApiTest</td>
    <td class="text-center">7</td>
    <td class="text-center">0</td>
    <td class="text-center">0</td>
    <td class="text-center">7</td>
    <td class="text-center"><a href="javascript:showClassDetail('c1',7)" class="detail" id='c1'>详细</a></td>
</tr>

<tr id='ft1_1' class='none'>
    <td class='errorCase'><div class='testcase'>test_api_1</div></td>
    <td colspan='5' align='center'>
    <!--默认收起错误信息 -Findyou
    <button id='btn_ft1_1' type="button"  class="btn btn-danger btn-xs collapsed" data-toggle="collapse" data-target='#div_ft1_1'>错误</button>
    <div id='div_ft1_1' class="collapse">  -->
    <!-- 默认展开错误信息 -Findyou -->
    <button id='btn_ft1_1' type="button"  class="btn btn-danger btn-xs" data-toggle="collapse" data-target='#div_ft1_1'>错误</button>
    <div id='div_ft1_1' class="collapse in" align="left">
    <pre>
    
ft1_1: 第1条测试用例：[登录成功]开始执行
Traceback (most recent call last):
  File "E:\http_api\venv\lib\site-packages\ddt.py", line 145, in wrapper
    return func(self, *args, **kwargs)
  File "E:\http_api\test_cases\test_login.py", line 27, in test_api
    resp=Request(url=api_url+case.url,data=eval(case.data),method=case.method,Cookies=None,header=None)
  File "&lt;string&gt;", line 1
    {'mobilephone':'M{normal_login}', 'pwd': 'M{pwd}}'
                                                     ^
SyntaxError: unexpected EOF while parsing


    </pre>
    </div>
    </td>
</tr>

<tr id='ft1_2' class='none'>
    <td class='errorCase'><div class='testcase'>test_api_2</div></td>
    <td colspan='5' align='center'>
    <!--默认收起错误信息 -Findyou
    <button id='btn_ft1_2' type="button"  class="btn btn-danger btn-xs collapsed" data-toggle="collapse" data-target='#div_ft1_2'>错误</button>
    <div id='div_ft1_2' class="collapse">  -->
    <!-- 默认展开错误信息 -Findyou -->
    <button id='btn_ft1_2' type="button"  class="btn btn-danger btn-xs" data-toggle="collapse" data-target='#div_ft1_2'>错误</button>
    <div id='div_ft1_2' class="collapse in" align="left">
    <pre>
    
ft1_2: 第2条测试用例：[未注册手机登录]开始执行
第2条测试用例：[未注册手机登录]执行结果为：pass
第login条测试用例：[2]执行完毕
Traceback (most recent call last):
  File "E:\http_api\venv\lib\site-packages\ddt.py", line 145, in wrapper
    return func(self, *args, **kwargs)
  File "E:\http_api\test_cases\test_login.py", line 39, in test_api
    DoExcel(constant.data_xlsx).write_excel(case.case_id+1,8,result)
TypeError: write_excel() missing 1 required positional argument: 'result'


    </pre>
    </div>
    </td>
</tr>

<tr id='ft1_3' class='none'>
    <td class='errorCase'><div class='testcase'>test_api_3</div></td>
    <td colspan='5' align='center'>
    <!--默认收起错误信息 -Findyou
    <button id='btn_ft1_3' type="button"  class="btn btn-danger btn-xs collapsed" data-toggle="collapse" data-target='#div_ft1_3'>错误</button>
    <div id='div_ft1_3' class="collapse">  -->
    <!-- 默认展开错误信息 -Findyou -->
    <button id='btn_ft1_3' type="button"  class="btn btn-danger btn-xs" data-toggle="collapse" data-target='#div_ft1_3'>错误</button>
    <div id='div_ft1_3' class="collapse in" align="left">
    <pre>
    
ft1_3: 第3条测试用例：[手机号为空]开始执行
第3条测试用例：[手机号为空]执行结果为：pass
第login条测试用例：[3]执行完毕
Traceback (most recent call last):
  File "E:\http_api\venv\lib\site-packages\ddt.py", line 145, in wrapper
    return func(self, *args, **kwargs)
  File "E:\http_api\test_cases\test_login.py", line 39, in test_api
    DoExcel(constant.data_xlsx).write_excel(case.case_id+1,8,result)
TypeError: write_excel() missing 1 required positional argument: 'result'


    </pre>
    </div>
    </td>
</tr>

<tr id='ft1_4' class='none'>
    <td class='errorCase'><div class='testcase'>test_api_4</div></td>
    <td colspan='5' align='center'>
    <!--默认收起错误信息 -Findyou
    <button id='btn_ft1_4' type="button"  class="btn btn-danger btn-xs collapsed" data-toggle="collapse" data-target='#div_ft1_4'>错误</button>
    <div id='div_ft1_4' class="collapse">  -->
    <!-- 默认展开错误信息 -Findyou -->
    <button id='btn_ft1_4' type="button"  class="btn btn-danger btn-xs" data-toggle="collapse" data-target='#div_ft1_4'>错误</button>
    <div id='div_ft1_4' class="collapse in" align="left">
    <pre>
    
ft1_4: 第4条测试用例：[错误手机号格式]开始执行
第4条测试用例：[错误手机号格式]执行结果为：pass
第login条测试用例：[4]执行完毕
Traceback (most recent call last):
  File "E:\http_api\venv\lib\site-packages\ddt.py", line 145, in wrapper
    return func(self, *args, **kwargs)
  File "E:\http_api\test_cases\test_login.py", line 39, in test_api
    DoExcel(constant.data_xlsx).write_excel(case.case_id+1,8,result)
TypeError: write_excel() missing 1 required positional argument: 'result'


    </pre>
    </div>
    </td>
</tr>

<tr id='ft1_5' class='none'>
    <td class='errorCase'><div class='testcase'>test_api_5</div></td>
    <td colspan='5' align='center'>
    <!--默认收起错误信息 -Findyou
    <button id='btn_ft1_5' type="button"  class="btn btn-danger btn-xs collapsed" data-toggle="collapse" data-target='#div_ft1_5'>错误</button>
    <div id='div_ft1_5' class="collapse">  -->
    <!-- 默认展开错误信息 -Findyou -->
    <button id='btn_ft1_5' type="button"  class="btn btn-danger btn-xs" data-toggle="collapse" data-target='#div_ft1_5'>错误</button>
    <div id='div_ft1_5' class="collapse in" align="left">
    <pre>
    
ft1_5: 第5条测试用例：[密码为空]开始执行
第5条测试用例：[密码为空]执行结果为：pass
第login条测试用例：[5]执行完毕
Traceback (most recent call last):
  File "E:\http_api\venv\lib\site-packages\ddt.py", line 145, in wrapper
    return func(self, *args, **kwargs)
  File "E:\http_api\test_cases\test_login.py", line 39, in test_api
    DoExcel(constant.data_xlsx).write_excel(case.case_id+1,8,result)
TypeError: write_excel() missing 1 required positional argument: 'result'


    </pre>
    </div>
    </td>
</tr>

<tr id='ft1_6' class='none'>
    <td class='errorCase'><div class='testcase'>test_api_6</div></td>
    <td colspan='5' align='center'>
    <!--默认收起错误信息 -Findyou
    <button id='btn_ft1_6' type="button"  class="btn btn-danger btn-xs collapsed" data-toggle="collapse" data-target='#div_ft1_6'>错误</button>
    <div id='div_ft1_6' class="collapse">  -->
    <!-- 默认展开错误信息 -Findyou -->
    <button id='btn_ft1_6' type="button"  class="btn btn-danger btn-xs" data-toggle="collapse" data-target='#div_ft1_6'>错误</button>
    <div id='div_ft1_6' class="collapse in" align="left">
    <pre>
    
ft1_6: 第6条测试用例：[错误密码登录]开始执行
第6条测试用例：[错误密码登录]执行结果为：pass
第login条测试用例：[6]执行完毕
Traceback (most recent call last):
  File "E:\http_api\venv\lib\site-packages\ddt.py", line 145, in wrapper
    return func(self, *args, **kwargs)
  File "E:\http_api\test_cases\test_login.py", line 39, in test_api
    DoExcel(constant.data_xlsx).write_excel(case.case_id+1,8,result)
TypeError: write_excel() missing 1 required positional argument: 'result'


    </pre>
    </div>
    </td>
</tr>

<tr id='ft1_7' class='none'>
    <td class='errorCase'><div class='testcase'>test_api_7</div></td>
    <td colspan='5' align='center'>
    <!--默认收起错误信息 -Findyou
    <button id='btn_ft1_7' type="button"  class="btn btn-danger btn-xs collapsed" data-toggle="collapse" data-target='#div_ft1_7'>错误</button>
    <div id='div_ft1_7' class="collapse">  -->
    <!-- 默认展开错误信息 -Findyou -->
    <button id='btn_ft1_7' type="button"  class="btn btn-danger btn-xs" data-toggle="collapse" data-target='#div_ft1_7'>错误</button>
    <div id='div_ft1_7' class="collapse in" align="left">
    <pre>
    
ft1_7: 第7条测试用例：[post请求登录]开始执行
第7条测试用例：[post请求登录]断言失败，执行结果为：failed
第login条测试用例：[7]执行完毕
Traceback (most recent call last):
  File "E:\http_api\test_cases\test_login.py", line 36, in test_api
    self.assertEqual(case.expect,actual)
  File "A:\programes\lib\unittest\case.py", line 839, in assertEqual
    assertion_func(first, second, msg=msg)
  File "A:\programes\lib\unittest\case.py", line 1220, in assertMultiLineEqual
    self.fail(self._formatMessage(msg, standardMsg))
  File "A:\programes\lib\unittest\case.py", line 680, in fail
    raise self.failureException(msg)
AssertionError: '登录成功' != '用户名或密码错误'
- 登录成功
+ 用户名或密码错误


During handling of the above exception, another exception occurred:

Traceback (most recent call last):
  File "E:\http_api\venv\lib\site-packages\ddt.py", line 145, in wrapper
    return func(self, *args, **kwargs)
  File "E:\http_api\test_cases\test_login.py", line 43, in test_api
    DoExcel(constant.data_xlsx).write_run_excel('login',case.case_id + 1, 8, result)
AttributeError: 'DoExcel' object has no attribute 'write_run_excel'


    </pre>
    </div>
    </td>
</tr>

<tr class='passClass warning'>
    <td>test_recharge.RechargeTest</td>
    <td class="text-center">11</td>
    <td class="text-center">11</td>
    <td class="text-center">0</td>
    <td class="text-center">0</td>
    <td class="text-center"><a href="javascript:showClassDetail('c2',11)" class="detail" id='c2'>详细</a></td>
</tr>

<tr id='pt2_1' class='hiddenRow'>
    <td class='passCase'><div class='testcase'>test_api_01</div></td>
    <td colspan='5' align='center'><span class="label label-success success">通过</span></td>
</tr>

<tr id='pt2_2' class='hiddenRow'>
    <td class='passCase'><div class='testcase'>test_api_02</div></td>
    <td colspan='5' align='center'><span class="label label-success success">通过</span></td>
</tr>

<tr id='pt2_3' class='hiddenRow'>
    <td class='passCase'><div class='testcase'>test_api_03</div></td>
    <td colspan='5' align='center'><span class="label label-success success">通过</span></td>
</tr>

<tr id='pt2_4' class='hiddenRow'>
    <td class='passCase'><div class='testcase'>test_api_04</div></td>
    <td colspan='5' align='center'><span class="label label-success success">通过</span></td>
</tr>

<tr id='pt2_5' class='hiddenRow'>
    <td class='passCase'><div class='testcase'>test_api_05</div></td>
    <td colspan='5' align='center'><span class="label label-success success">通过</span></td>
</tr>

<tr id='pt2_6' class='hiddenRow'>
    <td class='passCase'><div class='testcase'>test_api_06</div></td>
    <td colspan='5' align='center'><span class="label label-success success">通过</span></td>
</tr>

<tr id='pt2_7' class='hiddenRow'>
    <td class='passCase'><div class='testcase'>test_api_07</div></td>
    <td colspan='5' align='center'><span class="label label-success success">通过</span></td>
</tr>

<tr id='pt2_8' class='hiddenRow'>
    <td class='passCase'><div class='testcase'>test_api_08</div></td>
    <td colspan='5' align='center'><span class="label label-success success">通过</span></td>
</tr>

<tr id='pt2_9' class='hiddenRow'>
    <td class='passCase'><div class='testcase'>test_api_09</div></td>
    <td colspan='5' align='center'><span class="label label-success success">通过</span></td>
</tr>

<tr id='pt2_10' class='hiddenRow'>
    <td class='passCase'><div class='testcase'>test_api_10</div></td>
    <td colspan='5' align='center'><span class="label label-success success">通过</span></td>
</tr>

<tr id='pt2_11' class='hiddenRow'>
    <td class='passCase'><div class='testcase'>test_api_11</div></td>
    <td colspan='5' align='center'><span class="label label-success success">通过</span></td>
</tr>

<tr class='errorClass warning'>
    <td>test_register.ApiTest</td>
    <td class="text-center">12</td>
    <td class="text-center">10</td>
    <td class="text-center">1</td>
    <td class="text-center">1</td>
    <td class="text-center"><a href="javascript:showClassDetail('c3',12)" class="detail" id='c3'>详细</a></td>
</tr>

<tr id='pt3_1' class='hiddenRow'>
    <td class='passCase'><div class='testcase'>test_register_01</div></td>
    <td colspan='5' align='center'>
    <!--默认收起错误信息 -Findyou
    <button id='btn_pt3_1' type="button"  class="btn btn-danger btn-xs collapsed" data-toggle="collapse" data-target='#div_pt3_1'>通过</button>
    <div id='div_pt3_1' class="collapse">  -->
    <!-- 默认展开错误信息 -Findyou -->
    <button id='btn_pt3_1' type="button"  class="btn btn-danger btn-xs" data-toggle="collapse" data-target='#div_pt3_1'>通过</button>
    <div id='div_pt3_1' class="collapse in" align="left">
    <pre>
    
pt3_1: 第1条测试用例：[注册成功]开始执行
{'mobilephone':'18701078372', 'pwd': 'python','regname':'小迷茫'}
第1条测试用例：[注册成功]断言成功 
第1条测试用例：[注册成功]执行结果为：pass
第1条测试用例：[注册成功]执行完毕


    </pre>
    </div>
    </td>
</tr>

<tr id='pt3_2' class='hiddenRow'>
    <td class='passCase'><div class='testcase'>test_register_02</div></td>
    <td colspan='5' align='center'>
    <!--默认收起错误信息 -Findyou
    <button id='btn_pt3_2' type="button"  class="btn btn-danger btn-xs collapsed" data-toggle="collapse" data-target='#div_pt3_2'>通过</button>
    <div id='div_pt3_2' class="collapse">  -->
    <!-- 默认展开错误信息 -Findyou -->
    <button id='btn_pt3_2' type="button"  class="btn btn-danger btn-xs" data-toggle="collapse" data-target='#div_pt3_2'>通过</button>
    <div id='div_pt3_2' class="collapse in" align="left">
    <pre>
    
pt3_2: 第2条测试用例：[重复手机注册]开始执行
没有匹配项 'NoneType' object has no attribute 'group'
{'mobilephone':'18684720553', 'pwd': 'python','regname':'小迷茫'}
第2条测试用例：[重复手机注册]断言成功 
数据库验证失败
第2条测试用例：[重复手机注册]执行结果为：failed
第2条测试用例：[重复手机注册]执行完毕


    </pre>
    </div>
    </td>
</tr>

<tr id='ft3_3' class='none'>
    <td class='errorCase'><div class='testcase'>test_register_03</div></td>
    <td colspan='5' align='center'>
    <!--默认收起错误信息 -Findyou
    <button id='btn_ft3_3' type="button"  class="btn btn-danger btn-xs collapsed" data-toggle="collapse" data-target='#div_ft3_3'>错误</button>
    <div id='div_ft3_3' class="collapse">  -->
    <!-- 默认展开错误信息 -Findyou -->
    <button id='btn_ft3_3' type="button"  class="btn btn-danger btn-xs" data-toggle="collapse" data-target='#div_ft3_3'>错误</button>
    <div id='div_ft3_3' class="collapse in" align="left">
    <pre>
    
ft3_3: 第3条测试用例：[手机号码为空]开始执行
没有匹配项 'NoneType' object has no attribute 'group'
{'mobilephone':'', 'pwd': 'python','regname':'小迷茫'}
第3条测试用例：[手机号码为空]断言成功 
第3条测试用例：[手机号码为空]执行完毕
执行程序异常！
Traceback (most recent call last):
  File "E:\http_api\venv\lib\site-packages\ddt.py", line 145, in wrapper
    return func(self, *args, **kwargs)
  File "E:\http_api\test_cases\test_register.py", line 72, in test_register
    raise e
  File "E:\http_api\test_cases\test_register.py", line 52, in test_register
    regist_phone = Mysql().fetchone(check_sql)
  File "E:\http_api\common\mysql.py", line 26, in fetchone
    cursor.execute(sql)
  File "E:\http_api\venv\lib\site-packages\pymysql\cursors.py", line 170, in execute
    result = self._query(query)
  File "E:\http_api\venv\lib\site-packages\pymysql\cursors.py", line 328, in _query
    conn.query(q)
  File "E:\http_api\venv\lib\site-packages\pymysql\connections.py", line 516, in query
    self._affected_rows = self._read_query_result(unbuffered=unbuffered)
  File "E:\http_api\venv\lib\site-packages\pymysql\connections.py", line 727, in _read_query_result
    result.read()
  File "E:\http_api\venv\lib\site-packages\pymysql\connections.py", line 1066, in read
    first_packet = self.connection._read_packet()
  File "E:\http_api\venv\lib\site-packages\pymysql\connections.py", line 683, in _read_packet
    packet.check_error()
  File "E:\http_api\venv\lib\site-packages\pymysql\protocol.py", line 220, in check_error
    err.raise_mysql_exception(self._data)
  File "E:\http_api\venv\lib\site-packages\pymysql\err.py", line 109, in raise_mysql_exception
    raise errorclass(errno, errval)
pymysql.err.ProgrammingError: (1064, "You have an error in your SQL syntax; check the manual that corresponds to your MySQL server version for the right syntax to use near '' at line 1")


    </pre>
    </div>
    </td>
</tr>

<tr id='pt3_4' class='hiddenRow'>
    <td class='passCase'><div class='testcase'>test_register_04</div></td>
    <td colspan='5' align='center'>
    <!--默认收起错误信息 -Findyou
    <button id='btn_pt3_4' type="button"  class="btn btn-danger btn-xs collapsed" data-toggle="collapse" data-target='#div_pt3_4'>通过</button>
    <div id='div_pt3_4' class="collapse">  -->
    <!-- 默认展开错误信息 -Findyou -->
    <button id='btn_pt3_4' type="button"  class="btn btn-danger btn-xs" data-toggle="collapse" data-target='#div_pt3_4'>通过</button>
    <div id='div_pt3_4' class="collapse in" align="left">
    <pre>
    
pt3_4: 第4条测试用例：[错误手机格式]开始执行
没有匹配项 'NoneType' object has no attribute 'group'
{'mobilephone':'136111111111', 'pwd': 'python','regname':'小迷茫'}
第4条测试用例：[错误手机格式]断言成功 
第4条测试用例：[错误手机格式]执行结果为：pass
第4条测试用例：[错误手机格式]执行完毕


    </pre>
    </div>
    </td>
</tr>

<tr id='pt3_5' class='hiddenRow'>
    <td class='passCase'><div class='testcase'>test_register_05</div></td>
    <td colspan='5' align='center'>
    <!--默认收起错误信息 -Findyou
    <button id='btn_pt3_5' type="button"  class="btn btn-danger btn-xs collapsed" data-toggle="collapse" data-target='#div_pt3_5'>通过</button>
    <div id='div_pt3_5' class="collapse">  -->
    <!-- 默认展开错误信息 -Findyou -->
    <button id='btn_pt3_5' type="button"  class="btn btn-danger btn-xs" data-toggle="collapse" data-target='#div_pt3_5'>通过</button>
    <div id='div_pt3_5' class="collapse in" align="left">
    <pre>
    
pt3_5: 第5条测试用例：[密码为空]开始执行
{'mobilephone':'18701078371', 'pwd': '','regname':'小迷茫'}
第5条测试用例：[密码为空]断言成功 
第5条测试用例：[密码为空]执行结果为：pass
第5条测试用例：[密码为空]执行完毕


    </pre>
    </div>
    </td>
</tr>

<tr id='pt3_6' class='hiddenRow'>
    <td class='passCase'><div class='testcase'>test_register_06</div></td>
    <td colspan='5' align='center'>
    <!--默认收起错误信息 -Findyou
    <button id='btn_pt3_6' type="button"  class="btn btn-danger btn-xs collapsed" data-toggle="collapse" data-target='#div_pt3_6'>通过</button>
    <div id='div_pt3_6' class="collapse">  -->
    <!-- 默认展开错误信息 -Findyou -->
    <button id='btn_pt3_6' type="button"  class="btn btn-danger btn-xs" data-toggle="collapse" data-target='#div_pt3_6'>通过</button>
    <div id='div_pt3_6' class="collapse in" align="left">
    <pre>
    
pt3_6: 第6条测试用例：[密码多种组合，包括下划线 ]开始执行
{'mobilephone':'18701078371', 'pwd': '_pyt23n','regname':'小迷茫'}
第6条测试用例：[密码多种组合，包括下划线 ]断言成功 
第6条测试用例：[密码多种组合，包括下划线 ]执行结果为：pass
第6条测试用例：[密码多种组合，包括下划线 ]执行完毕


    </pre>
    </div>
    </td>
</tr>

<tr id='pt3_7' class='hiddenRow'>
    <td class='passCase'><div class='testcase'>test_register_07</div></td>
    <td colspan='5' align='center'>
    <!--默认收起错误信息 -Findyou
    <button id='btn_pt3_7' type="button"  class="btn btn-danger btn-xs collapsed" data-toggle="collapse" data-target='#div_pt3_7'>通过</button>
    <div id='div_pt3_7' class="collapse">  -->
    <!-- 默认展开错误信息 -Findyou -->
    <button id='btn_pt3_7' type="button"  class="btn btn-danger btn-xs" data-toggle="collapse" data-target='#div_pt3_7'>通过</button>
    <div id='div_pt3_7' class="collapse in" align="left">
    <pre>
    
pt3_7: 第7条测试用例：[密码多于18位]开始执行
{'mobilephone':'18701078370', 'pwd': 'python1234567891014','regname':'小迷茫'}
第7条测试用例：[密码多于18位]断言成功 
第7条测试用例：[密码多于18位]执行结果为：pass
第7条测试用例：[密码多于18位]执行完毕


    </pre>
    </div>
    </td>
</tr>

<tr id='pt3_8' class='hiddenRow'>
    <td class='passCase'><div class='testcase'>test_register_08</div></td>
    <td colspan='5' align='center'>
    <!--默认收起错误信息 -Findyou
    <button id='btn_pt3_8' type="button"  class="btn btn-danger btn-xs collapsed" data-toggle="collapse" data-target='#div_pt3_8'>通过</button>
    <div id='div_pt3_8' class="collapse">  -->
    <!-- 默认展开错误信息 -Findyou -->
    <button id='btn_pt3_8' type="button"  class="btn btn-danger btn-xs" data-toggle="collapse" data-target='#div_pt3_8'>通过</button>
    <div id='div_pt3_8' class="collapse in" align="left">
    <pre>
    
pt3_8: 第8条测试用例：[密码少于6位]开始执行
{'mobilephone':'18701078370', 'pwd': 'pyth','regname':'小迷茫'}
第8条测试用例：[密码少于6位]断言成功 
第8条测试用例：[密码少于6位]执行结果为：pass
第8条测试用例：[密码少于6位]执行完毕


    </pre>
    </div>
    </td>
</tr>

<tr id='pt3_9' class='hiddenRow'>
    <td class='passCase'><div class='testcase'>test_register_09</div></td>
    <td colspan='5' align='center'>
    <!--默认收起错误信息 -Findyou
    <button id='btn_pt3_9' type="button"  class="btn btn-danger btn-xs collapsed" data-toggle="collapse" data-target='#div_pt3_9'>通过</button>
    <div id='div_pt3_9' class="collapse">  -->
    <!-- 默认展开错误信息 -Findyou -->
    <button id='btn_pt3_9' type="button"  class="btn btn-danger btn-xs" data-toggle="collapse" data-target='#div_pt3_9'>通过</button>
    <div id='div_pt3_9' class="collapse in" align="left">
    <pre>
    
pt3_9: 第9条测试用例：[昵称为空]开始执行
{'mobilephone':'18701078370', 'pwd': 'python','regname':''}
第9条测试用例：[昵称为空]断言成功 
第9条测试用例：[昵称为空]执行结果为：pass
第9条测试用例：[昵称为空]执行完毕


    </pre>
    </div>
    </td>
</tr>

<tr id='pt3_10' class='hiddenRow'>
    <td class='passCase'><div class='testcase'>test_register_10</div></td>
    <td colspan='5' align='center'>
    <!--默认收起错误信息 -Findyou
    <button id='btn_pt3_10' type="button"  class="btn btn-danger btn-xs collapsed" data-toggle="collapse" data-target='#div_pt3_10'>通过</button>
    <div id='div_pt3_10' class="collapse">  -->
    <!-- 默认展开错误信息 -Findyou -->
    <button id='btn_pt3_10' type="button"  class="btn btn-danger btn-xs" data-toggle="collapse" data-target='#div_pt3_10'>通过</button>
    <div id='div_pt3_10' class="collapse in" align="left">
    <pre>
    
pt3_10: 第10条测试用例：[无效手机号码注册]开始执行
没有匹配项 'NoneType' object has no attribute 'group'
{'mobilephone':'11684721125', 'pwd': 'python','regname':'小迷茫'}
第10条测试用例：[无效手机号码注册]断言成功 
第10条测试用例：[无效手机号码注册]执行结果为：pass
第10条测试用例：[无效手机号码注册]执行完毕


    </pre>
    </div>
    </td>
</tr>

<tr id='ft3_11' class='none'>
    <td class='failCase'><div class='testcase'>test_register_11</div></td>
    <td colspan='5' align='center'>
    <!--默认收起错误信息 -Findyou
    <button id='btn_ft3_11' type="button"  class="btn btn-danger btn-xs collapsed" data-toggle="collapse" data-target='#div_ft3_11'>失败</button>
    <div id='div_ft3_11' class="collapse">  -->
    <!-- 默认展开错误信息 -Findyou -->
    <button id='btn_ft3_11' type="button"  class="btn btn-danger btn-xs" data-toggle="collapse" data-target='#div_ft3_11'>失败</button>
    <div id='div_ft3_11' class="collapse in" align="left">
    <pre>
    
ft3_11: 第11条测试用例：[昵称长字符串]开始执行
{'mobilephone':'18701078369', 'pwd': 'python','regname':'adfdfdfddafdfdfdfggffghfgfgfdg'}
第11条测试用例：[昵称长字符串]断言失败，执行结果为：failed
第11条测试用例：[昵称长字符串]执行完毕
执行程序异常！
Traceback (most recent call last):
  File "E:\http_api\venv\lib\site-packages\ddt.py", line 145, in wrapper
    return func(self, *args, **kwargs)
  File "E:\http_api\test_cases\test_register.py", line 72, in test_register
    raise e
  File "E:\http_api\test_cases\test_register.py", line 67, in test_register
    raise e
  File "E:\http_api\test_cases\test_register.py", line 47, in test_register
    self.assertEqual(case.expect,actual)
AssertionError: '服务器异常' != '注册成功'
- 服务器异常
+ 注册成功



    </pre>
    </div>
    </td>
</tr>

<tr id='pt3_12' class='hiddenRow'>
    <td class='passCase'><div class='testcase'>test_register_12</div></td>
    <td colspan='5' align='center'>
    <!--默认收起错误信息 -Findyou
    <button id='btn_pt3_12' type="button"  class="btn btn-danger btn-xs collapsed" data-toggle="collapse" data-target='#div_pt3_12'>通过</button>
    <div id='div_pt3_12' class="collapse">  -->
    <!-- 默认展开错误信息 -Findyou -->
    <button id='btn_pt3_12' type="button"  class="btn btn-danger btn-xs" data-toggle="collapse" data-target='#div_pt3_12'>通过</button>
    <div id='div_pt3_12' class="collapse in" align="left">
    <pre>
    
pt3_12: 第12条测试用例：[post请求注册]开始执行
{'mobilephone':'18701078368', 'pwd': 'python','regname':'小迷茫'}
第12条测试用例：[post请求注册]断言成功 
第12条测试用例：[post请求注册]执行结果为：pass
第12条测试用例：[post请求注册]执行完毕


    </pre>
    </div>
    </td>
</tr>

<tr id='total_row' class="text-center active">
    <td>总计</td>
    <td>30</td>
    <td>21</td>
    <td>1</td>
    <td>8</td>
    <td>通过率：70.00%</td>
</tr>
</table>

<div id='ending'>&nbsp;</div>
    <div style=" position:fixed;right:50px; bottom:30px; width:20px; height:20px;cursor:pointer">
    <a href="#"><span class="glyphicon glyphicon-eject" style = "font-size:30px;" aria-hidden="true">
    </span></a></div>
    
</body>
</html>
